cpp ok_1 1
cpp _ok_2 2
lua lua_ok_1 3
lua _lua_not_ok 4
lua Lua_ok_2 5
